<?xml version="1.0" encoding="UTF-8" ?>
<testsuites name="vitest tests" tests="2" failures="0" errors="0" time="0.055382116">
    <testsuite name="test/app.test.ts" timestamp="2026-05-12T08:12:44.492Z" hostname="chien" tests="2" failures="0" errors="0" skipped="0" time="0.055382116">
        <testcase classname="test/app.test.ts" name="Fastify app &gt; GET /health returns ok status" time="0.052918348">
        </testcase>
        <testcase classname="test/app.test.ts" name="Fastify app &gt; GET / returns app message and version" time="0.001741532">
        </testcase>
    </testsuite>
</testsuites>
